[2023-06-15 23:25:22.491358] -> [Divyam/Divyam] : [https://www.bakershub.in/dashboard/] [name 'reqest' is not defined] - At Line 349
[2023-06-30 10:02:53.636440] -> [Divyam/Divyam] : [https://www.bakershub.in/dashboard/] [name 'reuest' is not defined] - At Line 356
[2023-09-05 23:07:40.522983] -> [4945222629/trial@trial.com] : [https://www.bakershub.in/dashboard/] [Reverse for 'plans' not found. 'plans' is not a valid view function or pattern name.] - At Line 516
[2023-09-05 23:10:37.893831] -> [Divyam/Divyam] : [https://www.bakershub.in/dashboard/] [Reverse for 'plans' not found. 'plans' is not a valid view function or pattern name.] - At Line 516
[2023-09-05 23:14:08.221256] -> [3477882782/Snehi shah] : [https://www.bakershub.in/dashboard/] [Reverse for 'plans' not found. 'plans' is not a valid view function or pattern name.] - At Line 516
[2023-09-05 23:44:48.832941] -> [4945222629/trial@trial.com] : [https://www.bakershub.in/privacy-policy/] ['UserProfile' object has no attribute 'set_password'] - At Line 90
[2023-09-05 23:45:30.228821] -> [4945222629/trial@trial.com] : [https://www.bakershub.in/privacy-policy/] [Cannot resolve keyword 'user_name' into field. Choices are: date_joined, email, first_name, groups, id, is_active, is_staff, is_superuser, last_login, last_name, logentry, password, user_permissions, username] - At Line 89
[2023-11-04 08:55:01.476480] -> [4945222629/Trial] : [https://www.bakershub.in/dashboard/] [Reverse for 'plans' not found. 'plans' is not a valid view function or pattern name.] - At Line 595
[2023-11-04 08:57:43.326045] -> [4945222629/Trial] : [https://www.bakershub.in/dashboard/] [Reverse for 'plans' not found. 'plans' is not a valid view function or pattern name.] - At Line 595
[2023-11-04 09:02:15.001705] -> [4945222629/Trial] : [https://www.bakershub.in/dashboard/] [Reverse for 'plans' not found. 'plans' is not a valid view function or pattern name.] - At Line 595
[2023-11-04 09:03:25.657387] -> [4945222629/Trial] : [https://www.bakershub.in/dashboard/] [Reverse for 'plans' not found. 'plans' is not a valid view function or pattern name.] - At Line 595
[2023-11-04 09:03:57.071919] -> [4945222629/Trial] : [https://www.bakershub.in/dashboard/] [Reverse for 'plans' not found. 'plans' is not a valid view function or pattern name.] - At Line 595
[2023-11-04 09:06:44.433723] -> [4945222629/Trial] : [https://www.bakershub.in/dashboard/] [Reverse for 'plans' not found. 'plans' is not a valid view function or pattern name.] - At Line 595
[2023-11-04 09:07:02.757939] -> [4945222629/Trial] : [https://www.bakershub.in/dashboard/] [Reverse for 'plans' not found. 'plans' is not a valid view function or pattern name.] - At Line 595
[2023-11-04 09:08:31.565546] -> [4945222629/Trial] : [https://www.bakershub.in/dashboard/] [Reverse for 'plans' not found. 'plans' is not a valid view function or pattern name.] - At Line 595
[2023-11-04 09:09:57.697218] -> [4945222629/Trial] : [https://www.bakershub.in/dashboard/] [Reverse for 'plans' not found. 'plans' is not a valid view function or pattern name.] - At Line 595
[2023-11-04 09:10:23.167043] -> [4945222629/Trial] : [https://www.bakershub.in/dashboard/] [Reverse for 'plans' not found. 'plans' is not a valid view function or pattern name.] - At Line 595
[2023-11-04 10:15:27.764996] -> [4945222629/Trial] : [https://www.bakershub.in/dashboard/] [Reverse for 'plans' not found. 'plans' is not a valid view function or pattern name.] - At Line 595
[2023-11-04 17:04:31.975036] -> [Divyam/Divyam] : [https://www.bakershub.in/dashboard/] [Reverse for 'plans' not found. 'plans' is not a valid view function or pattern name.] - At Line 595
[2024-01-21 20:34:59.507962] -> [6601026080/Unicorn bakes] : [https://www.bakershub.in/dashboard/] [Reverse for 'plans' not found. 'plans' is not a valid view function or pattern name.] - At Line 449
[2024-01-21 20:35:38.178640] -> [6601026080/Unicorn bakes] : [https://www.bakershub.in/dashboard/] [Reverse for 'plans' not found. 'plans' is not a valid view function or pattern name.] - At Line 449
[2024-09-13 09:20:58.839774] -> [Divyam/Divyam] : [https://divyam.pythonanywhere.com/dashboard/] [Reverse for 'plans' not found. 'plans' is not a valid view function or pattern name.] - At Line 452
[2024-10-07 21:21:13.280603] -> [Divyam/Divyam] : [https://divyam.pythonanywhere.com/dashboard/] [Reverse for 'plans' not found. 'plans' is not a valid view function or pattern name.] - At Line 452
[2024-10-21 09:55:01.009803] -> [Divyam/Divyam] : [https://divyam.pythonanywhere.com/dashboard/] [Reverse for 'plans' not found. 'plans' is not a valid view function or pattern name.] - At Line 452
[2025-01-13 00:22:30.968581] -> [Divyam/Divyam] : [https://divyam.pythonanywhere.com/dashboard/] [Reverse for 'plans' not found. 'plans' is not a valid view function or pattern name.] - At Line 452
